fleg qegglesnapple
blaf qeggleklapple
qnef peggleplapple
